// Jest Snapshot v1, https://goo.gl/fbAQLP

exports[`Handle listUser returns bad data 1`] = `[Error: BadDataFromCognito]`;

exports[`Handle listUser unknown error 1`] = `"UNKNOWN LISTUSERS ERROR"`;

exports[`Handle multiple users found error 1`] = `"UserAlreadyExists"`;

exports[`Handle the good case: parameters 1`] = `
Array [
  Object {
    "AttributesToGet": Array [
      "email",
    ],
    "Filter": "email = \\"a@a.hu\\"",
    "Limit": 2,
    "UserPoolId": "USERPOOL_ID",
  },
]
`;

exports[`Handle the good case: result 1`] = `
Object {
  "request": Object {
    "userAttributes": Object {
      "email": "a@a.hu",
      "phone_numner": "+123456789",
    },
  },
  "userPoolId": "USERPOOL_ID",
}
`;

exports[`Handle user already exists error 1`] = `"UserAlreadyExists"`;
